evelyne@evelyne:~$ sudo service mysql stop
[sudo] password for evelyne: 
evelyne@evelyne:~$ sudo service mysql restart
evelyne@evelyne:~$ sudo mysql -u root -p
Enter password: 
Welcome to the MySQL monitor.  Commands end with ; or \g.
Your MySQL connection id is 2
Server version: 5.7.30-0ubuntu0.18.04.1 (Ubuntu)

Copyright (c) 2000, 2020, Oracle and/or its affiliates. All rights reserved.

Oracle is a registered trademark of Oracle Corporation and/or its
affiliates. Other names may be trademarks of their respective
owners.

Type 'help;' or '\h' for help. Type '\c' to clear the current input statement.

mysql> SHOW DATABASES
    -> USE mysql
    -> SHOW DATABASES
    -> 
    -> USE blog;
ERROR 1064 (42000): You have an error in your SQL syntax; check the manual that corresponds to your MySQL server version for the right syntax to use near 'USE mysql
SHOW DATABASES

USE blog' at line 2
mysql> USE blog;
Reading table information for completion of table and column names
You can turn off this feature to get a quicker startup with -A

Database changed
mysql> SHOW TABLES
    -> SHOW TABLES;
ERROR 1064 (42000): You have an error in your SQL syntax; check the manual that corresponds to your MySQL server version for the right syntax to use near 'SHOW TABLES' at line 2
mysql>  SHOW TABLES;
+----------------+
| Tables_in_blog |
+----------------+
| failed_jobs    |
| migrations     |
| post_a_s       |
| posts          |
| users          |
+----------------+
5 rows in set (0.00 sec)

mysql> SHOW FULL TABLES;
+----------------+------------+
| Tables_in_blog | Table_type |
+----------------+------------+
| failed_jobs    | BASE TABLE |
| migrations     | BASE TABLE |
| post_a_s       | BASE TABLE |
| posts          | BASE TABLE |
| users          | BASE TABLE |
+----------------+------------+
5 rows in set (0.00 sec)

mysql> SHOW TABLES FROM blog
    -> SHOW TABLES FROM blog;
ERROR 1064 (42000): You have an error in your SQL syntax; check the manual that corresponds to your MySQL server version for the right syntax to use near 'SHOW TABLES FROM blog' at line 2
mysql> SHOW TABLES FROM blog;
+----------------+
| Tables_in_blog |
+----------------+
| failed_jobs    |
| migrations     |
| post_a_s       |
| posts          |
| users          |
+----------------+
5 rows in set (0.00 sec)

mysql> 
